// Jest Snapshot v1, https://goo.gl/fbAQLP

exports[`testing ShopPage correctly render 1`] = `
<DocumentFragment>
  <main
    class="Shop_Main"
  >
    <div
      class="area_cards"
    >
      <div
        class="card"
      >
        <img
          alt="plant"
          class="img_card"
          src="aglonema.png"
        />
        <div
          class="info_part_card"
        >
          <h2>
            Chinese Evergreen
          </h2>
          <h4>
            Price :  17 $
          </h4>
          <div
            class="buttons"
          >
            <div
              class="btn_around"
            >
              <button
                class="Card_Btn"
                style="box-shadow: 0px 0px 0px 0px rgb(0, 0, 0); top: 0%; left: 0%;"
              >
                VIEW
              </button>
            </div>
            <div
              class="btn_around"
            >
              <button
                class="Card_Btn"
              >
                BUY
              </button>
            </div>
          </div>
        </div>
      </div>
      <div
        class="card"
      >
        <img
          alt="plant"
          class="img_card"
          src="AsparagusFern.jpg"
        />
        <div
          class="info_part_card"
        >
          <h2>
            Asparagus Fern
          </h2>
          <h4>
            Price :  17 $
          </h4>
          <div
            class="buttons"
          >
            <div
              class="btn_around"
            >
              <button
                class="Card_Btn"
                style="box-shadow: 0px 0px 0px 0px rgb(0, 0, 0); top: 0%; left: 0%;"
              >
                VIEW
              </button>
            </div>
            <div
              class="btn_around"
            >
              <button
                class="Card_Btn"
              >
                BUY
              </button>
            </div>
          </div>
        </div>
      </div>
      <div
        class="card"
      >
        <img
          alt="plant"
          class="img_card"
          src="Orchid.png"
        />
        <div
          class="info_part_card"
        >
          <h2>
            Orchid
          </h2>
          <h4>
            Price :  65 $
          </h4>
          <div
            class="buttons"
          >
            <div
              class="btn_around"
            >
              <button
                class="Card_Btn"
                style="box-shadow: 0px 0px 0px 0px rgb(0, 0, 0); top: 0%; left: 0%;"
              >
                VIEW
              </button>
            </div>
            <div
              class="btn_around"
            >
              <button
                class="Card_Btn"
              >
                BUY
              </button>
            </div>
          </div>
        </div>
      </div>
      <div
        class="card"
      >
        <img
          alt="plant"
          class="img_card"
          src="PeaceLily.png"
        />
        <div
          class="info_part_card"
        >
          <h2>
            Peace Lily
          </h2>
          <h4>
            Price :  5 $
          </h4>
          <div
            class="buttons"
          >
            <div
              class="btn_around"
            >
              <button
                class="Card_Btn"
                style="box-shadow: 0px 0px 0px 0px rgb(0, 0, 0); top: 0%; left: 0%;"
              >
                VIEW
              </button>
            </div>
            <div
              class="btn_around"
            >
              <button
                class="Card_Btn"
              >
                BUY
              </button>
            </div>
          </div>
        </div>
      </div>
      <div
        class="card"
      >
        <img
          alt="plant"
          class="img_card"
          src="Philodendron.png"
        />
        <div
          class="info_part_card"
        >
          <h2>
            Philodendron
          </h2>
          <h4>
            Price :  24 $
          </h4>
          <div
            class="buttons"
          >
            <div
              class="btn_around"
            >
              <button
                class="Card_Btn"
                style="box-shadow: 0px 0px 0px 0px rgb(0, 0, 0); top: 0%; left: 0%;"
              >
                VIEW
              </button>
            </div>
            <div
              class="btn_around"
            >
              <button
                class="Card_Btn"
              >
                BUY
              </button>
            </div>
          </div>
        </div>
      </div>
      <div
        class="card"
      >
        <img
          alt="plant"
          class="img_card"
          src="RubberPlant.png"
        />
        <div
          class="info_part_card"
        >
          <h2>
            Rubber Plant
          </h2>
          <h4>
            Price :  25 $
          </h4>
          <div
            class="buttons"
          >
            <div
              class="btn_around"
            >
              <button
                class="Card_Btn"
                style="box-shadow: 0px 0px 0px 0px rgb(0, 0, 0); top: 0%; left: 0%;"
              >
                VIEW
              </button>
            </div>
            <div
              class="btn_around"
            >
              <button
                class="Card_Btn"
              >
                BUY
              </button>
            </div>
          </div>
        </div>
      </div>
      <div
        class="card"
      >
        <img
          alt="plant"
          class="img_card"
          src="SnakePlant.png"
        />
        <div
          class="info_part_card"
        >
          <h2>
            Snake Plant
          </h2>
          <h4>
            Price :  35 $
          </h4>
          <div
            class="buttons"
          >
            <div
              class="btn_around"
            >
              <button
                class="Card_Btn"
                style="box-shadow: 0px 0px 0px 0px rgb(0, 0, 0); top: 0%; left: 0%;"
              >
                VIEW
              </button>
            </div>
            <div
              class="btn_around"
            >
              <button
                class="Card_Btn"
              >
                BUY
              </button>
            </div>
          </div>
        </div>
      </div>
      <div
        class="card"
      >
        <img
          alt="plant"
          class="img_card"
          src="StringofPearls.png"
        />
        <div
          class="info_part_card"
        >
          <h2>
            String of Pearls
          </h2>
          <h4>
            Price :  11 $
          </h4>
          <div
            class="buttons"
          >
            <div
              class="btn_around"
            >
              <button
                class="Card_Btn"
                style="box-shadow: 0px 0px 0px 0px rgb(0, 0, 0); top: 0%; left: 0%;"
              >
                VIEW
              </button>
            </div>
            <div
              class="btn_around"
            >
              <button
                class="Card_Btn"
              >
                BUY
              </button>
            </div>
          </div>
        </div>
      </div>
      <div
        class="card"
      >
        <img
          alt="plant"
          class="img_card"
          src="Yucca.png"
        />
        <div
          class="info_part_card"
        >
          <h2>
            Yucca
          </h2>
          <h4>
            Price :  44 $
          </h4>
          <div
            class="buttons"
          >
            <div
              class="btn_around"
            >
              <button
                class="Card_Btn"
                style="box-shadow: 0px 0px 0px 0px rgb(0, 0, 0); top: 0%; left: 0%;"
              >
                VIEW
              </button>
            </div>
            <div
              class="btn_around"
            >
              <button
                class="Card_Btn"
              >
                BUY
              </button>
            </div>
          </div>
        </div>
      </div>
      <div
        class="card"
      >
        <img
          alt="plant"
          class="img_card"
          src="ZZPlant.png"
        />
        <div
          class="info_part_card"
        >
          <h2>
            ZZ Plant
          </h2>
          <h4>
            Price :  48 $
          </h4>
          <div
            class="buttons"
          >
            <div
              class="btn_around"
            >
              <button
                class="Card_Btn"
                style="box-shadow: 0px 0px 0px 0px rgb(0, 0, 0); top: 0%; left: 0%;"
              >
                VIEW
              </button>
            </div>
            <div
              class="btn_around"
            >
              <button
                class="Card_Btn"
              >
                BUY
              </button>
            </div>
          </div>
        </div>
      </div>
    </div>
  </main>
</DocumentFragment>
`;
